apiVersion: v1
kind: Namespace
metadata:
  annotations:
    openshift.io/node-selector: ''
  labels:
    name: syn-cluster-backup
  name: syn-cluster-backup
