apiVersion: v1
data: {}
kind: Secret
metadata:
  annotations: {}
  labels:
    name: objects-backup-password
  name: objects-backup-password
stringData:
  password: t-silent-test-1234/c-green-test-1234/cluster-backup/password
type: Opaque
---
apiVersion: v1
data: {}
kind: Secret
metadata:
  annotations: {}
  labels:
    name: object-backup-s3-credentials
  name: object-backup-s3-credentials
stringData:
  password: t-silent-test-1234/c-green-test-1234/cluster-backup/s3_secret_key
  username: t-silent-test-1234/c-green-test-1234/cluster-backup/s3_access_key
type: Opaque
---
apiVersion: backup.appuio.ch/v1alpha1
kind: Schedule
metadata:
  name: objects
  namespace: syn-cluster-backup
spec:
  backend:
    repoPasswordSecretRef:
      key: password
      name: objects-backup-password
    s3:
      accessKeyIDSecretRef:
        key: username
        name: object-backup-s3-credentials
      bucket: c-green-test-1234-cluster-backup
      endpoint: null
      secretAccessKeySecretRef:
        key: password
        name: object-backup-s3-credentials
  backup:
    keepJobs: 5
    promURL: null
    schedule: 25 * * * *
  check:
    promURL: null
    schedule: 30 3 * * *
  prune:
    retention:
      keepDaily: 30
      keepLast: 20
    schedule: 10 */4 * * *
